
> Task :compileJava FAILED
.\gradlew.bat : C:\Users\yadne\OneDrive\Desktop
\Jira\backend\src\main\java\com\autosprint\api\
service\AiService.java:4: error: package 
com.fasterxml.jackson.databind does not exist
At line:1 char:1
+ .\gradlew.bat compileJava --console=plain > 
build_errors.txt 2>&1
+ ~~~~~~~~~~~~~~~~~~~~~~~~~~~~~~~~~~~~~~~~~~~~~
~~~~~~~~~~~~~~~~~~~~
    + CategoryInfo          : NotSpecif    
ied: (C:\Users\yadne\... does not e    
xist:String) [], RemoteException
    + FullyQualifiedErrorId : NativeCom    
mandError
 
import com.fasterxml.jackson.databind.Deseriali
zationFeature;
                                     ^
C:\Users\yadne\OneDrive\Desktop\Jira\backend\sr
c\main\java\com\autosprint\api\service\AiServic
e.java:5: error: package 
com.fasterxml.jackson.databind does not exist
import 
com.fasterxml.jackson.databind.ObjectMapper;
                                     ^
C:\Users\yadne\OneDrive\Desktop\Jira\backend\sr
c\main\java\com\autosprint\api\service\AiServic
e.java:24: error: cannot find symbol
    private final ObjectMapper objectMapper;
                  ^
  symbol:   class ObjectMapper
  location: class AiService
C:\Users\yadne\OneDrive\Desktop\Jira\backend\sr
c\main\java\com\autosprint\api\service\AiServic
e.java:28: error: cannot find symbol
        this.objectMapper = new ObjectMapper();
                                ^
  symbol:   class ObjectMapper
  location: class AiService
C:\Users\yadne\OneDrive\Desktop\Jira\backend\sr
c\main\java\com\autosprint\api\service\AiServic
e.java:29: error: cannot find symbol
        this.objectMapper.configure(Deserializa
tionFeature.FAIL_ON_UNKNOWN_PROPERTIES, false);
                                    ^
  symbol:   variable DeserializationFeature
  location: class AiService
C:\Users\yadne\OneDrive\Desktop\Jira\backend\sr
c\main\java\com\autosprint\api\security\Securit
yConfig.java:24: error: method cors in class 
HttpSecurity cannot be applied to given types;
            .cors().and().csrf().disable()
            ^
  required: 
Customizer<CorsConfigurer<HttpSecurity>>
  found:    no arguments
  reason: actual and formal argument lists 
differ in length
Note: C:\Users\yadne\OneDrive\Desktop\Jira\back
end\src\main\java\com\autosprint\api\service\Ai
Service.java uses unchecked or unsafe 
operations.
Note: Recompile with -Xlint:unchecked for 
details.
6 errors

[Incubating] Problems report is available at: file:///C:/Users/yadne/OneDrive/Desktop/Jira/backend/build/reports/problems/problems-report.html

FAILURE: Build failed with an exception.

* What went wrong:
Execution failed for task ':compileJava'.
> Compilation failed; see the compiler output 
below.
  C:\Users\yadne\OneDrive\Desktop\Jira\backend\
src\main\java\com\autosprint\api\security\Secur
ityConfig.java:24: error: method cors in class 
HttpSecurity cannot be applied to given types;
              .cors().and().csrf().disable()
              ^
    required: 
Customizer<CorsConfigurer<HttpSecurity>>
    found:    no arguments
    reason: actual and formal argument lists 
differ in length
  Note: C:\Users\yadne\OneDrive\Desktop\Jira\ba
ckend\src\main\java\com\autosprint\api\service\
AiService.java uses unchecked or unsafe 
operations.
  C:\Users\yadne\OneDrive\Desktop\Jira\backend\
src\main\java\com\autosprint\api\service\AiServ
ice.java:24: error: cannot find symbol
      private final ObjectMapper objectMapper;
                    ^
    symbol:   class ObjectMapper
    location: class AiService
  C:\Users\yadne\OneDrive\Desktop\Jira\backend\
src\main\java\com\autosprint\api\service\AiServ
ice.java:28: error: cannot find symbol
          this.objectMapper = new 
ObjectMapper();
                                  ^
    symbol:   class ObjectMapper
    location: class AiService
  C:\Users\yadne\OneDrive\Desktop\Jira\backend\
src\main\java\com\autosprint\api\service\AiServ
ice.java:29: error: cannot find symbol
          this.objectMapper.configure(Deseriali
zationFeature.FAIL_ON_UNKNOWN_PROPERTIES, 
false);
                                      ^
    symbol:   variable DeserializationFeature
    location: class AiService
  Note: Recompile with -Xlint:unchecked for 
details.
  C:\Users\yadne\OneDrive\Desktop\Jira\backend\
src\main\java\com\autosprint\api\service\AiServ
ice.java:4: error: package 
com.fasterxml.jackson.databind does not exist
  import com.fasterxml.jackson.databind.Deseria
lizationFeature;
                                       ^
  C:\Users\yadne\OneDrive\Desktop\Jira\backend\
src\main\java\com\autosprint\api\service\AiServ
ice.java:5: error: package 
com.fasterxml.jackson.databind does not exist
  import 
com.fasterxml.jackson.databind.ObjectMapper;
                                       ^
  6 errors

* Try:
> Check your code and dependencies to fix the 
compilation error(s)
> Run with --scan to get full insights from a 
Build Scan (powered by Develocity).

BUILD FAILED in 11s
1 actionable task: 1 executed
